
Time : 19/1/2026, 3:00:28 pm
Total Memory : 15.73 GB
Free Memory : 6.58 GB
Platform : win32
CPU : 12th Gen Intel(R) Core(TM) i5-12450H
Uptime : 95.31 hours
-----------------------------

Time : 19/1/2026, 3:00:33 pm
Total Memory : 15.73 GB
Free Memory : 6.45 GB
Platform : win32
CPU : 12th Gen Intel(R) Core(TM) i5-12450H
Uptime : 95.31 hours
-----------------------------

Time : 19/1/2026, 3:00:38 pm
Total Memory : 15.73 GB
Free Memory : 6.41 GB
Platform : win32
CPU : 12th Gen Intel(R) Core(TM) i5-12450H
Uptime : 95.31 hours
-----------------------------

Time : 19/1/2026, 3:00:43 pm
Total Memory : 15.73 GB
Free Memory : 6.43 GB
Platform : win32
CPU : 12th Gen Intel(R) Core(TM) i5-12450H
Uptime : 95.31 hours
-----------------------------

Time : 19/1/2026, 3:00:48 pm
Total Memory : 15.73 GB
Free Memory : 6.15 GB
Platform : win32
CPU : 12th Gen Intel(R) Core(TM) i5-12450H
Uptime : 95.32 hours
-----------------------------

Time : 19/1/2026, 3:00:53 pm
Total Memory : 15.73 GB
Free Memory : 6.15 GB
Platform : win32
CPU : 12th Gen Intel(R) Core(TM) i5-12450H
Uptime : 95.32 hours
-----------------------------

Time : 19/1/2026, 3:00:58 pm
Total Memory : 15.73 GB
Free Memory : 6.17 GB
Platform : win32
CPU : 12th Gen Intel(R) Core(TM) i5-12450H
Uptime : 95.32 hours
-----------------------------

Time : 19/1/2026, 3:01:03 pm
Total Memory : 15.73 GB
Free Memory : 6.20 GB
Platform : win32
CPU : 12th Gen Intel(R) Core(TM) i5-12450H
Uptime : 95.32 hours
-----------------------------

Time : 19/1/2026, 3:01:08 pm
Total Memory : 15.73 GB
Free Memory : 6.23 GB
Platform : win32
CPU : 12th Gen Intel(R) Core(TM) i5-12450H
Uptime : 95.32 hours
-----------------------------

Time : 19/1/2026, 3:01:13 pm
Total Memory : 15.73 GB
Free Memory : 6.38 GB
Platform : win32
CPU : 12th Gen Intel(R) Core(TM) i5-12450H
Uptime : 95.32 hours
-----------------------------

Time : 19/1/2026, 3:01:18 pm
Total Memory : 15.73 GB
Free Memory : 6.39 GB
Platform : win32
CPU : 12th Gen Intel(R) Core(TM) i5-12450H
Uptime : 95.32 hours
-----------------------------

Time : 19/1/2026, 3:01:23 pm
Total Memory : 15.73 GB
Free Memory : 6.40 GB
Platform : win32
CPU : 12th Gen Intel(R) Core(TM) i5-12450H
Uptime : 95.33 hours
-----------------------------

Time : 19/1/2026, 3:01:28 pm
Total Memory : 15.73 GB
Free Memory : 6.41 GB
Platform : win32
CPU : 12th Gen Intel(R) Core(TM) i5-12450H
Uptime : 95.33 hours
-----------------------------

Time : 19/1/2026, 3:01:33 pm
Total Memory : 15.73 GB
Free Memory : 6.40 GB
Platform : win32
CPU : 12th Gen Intel(R) Core(TM) i5-12450H
Uptime : 95.33 hours
-----------------------------

Time : 19/1/2026, 3:01:38 pm
Total Memory : 15.73 GB
Free Memory : 6.34 GB
Platform : win32
CPU : 12th Gen Intel(R) Core(TM) i5-12450H
Uptime : 95.33 hours
-----------------------------

Time : 19/1/2026, 3:01:43 pm
Total Memory : 15.73 GB
Free Memory : 6.34 GB
Platform : win32
CPU : 12th Gen Intel(R) Core(TM) i5-12450H
Uptime : 95.33 hours
-----------------------------

Time : 19/1/2026, 3:01:48 pm
Total Memory : 15.73 GB
Free Memory : 6.33 GB
Platform : win32
CPU : 12th Gen Intel(R) Core(TM) i5-12450H
Uptime : 95.33 hours
-----------------------------

Time : 19/1/2026, 3:01:53 pm
Total Memory : 15.73 GB
Free Memory : 6.33 GB
Platform : win32
CPU : 12th Gen Intel(R) Core(TM) i5-12450H
Uptime : 95.33 hours
-----------------------------
